sergeevmxm@kubemaster:~$ cat <<EOF | kubectl apply -f -
> apiVersion: apps/v1
> kind: Deployment
> metadata:
>   name: nginx-deployment
>   namespace: development
> spec:
>   replicas: 3
>   selector:
>     matchLabels:
>       app: nginx
>   template:
>     metadata:
>       labels:
>         app: nginx
>     spec:
>       containers:
>         - name: nginx
>           image: nginx:latest
>           ports:
>             - containerPort: 80
> ---
> apiVersion: v1
> kind: Service
> metadata:
>   name: nginx-service
>   namespace: development
> spec:
>   selector:
>     app: nginx
>   ports:
>     - name: http
>       port: 80
>       targetPort: 80
>   type: ClusterIP
> ---
> apiVersion: v1
> kind: Service
> metadata:
>   name: nginx-service-nodeport
>   namespace: development
> spec:
>   selector:
>     app: nginx
>   ports:
>     - name: http
>       port: 80
>       targetPort: 80
>       nodePort: 30080
>   type: NodePort
> EOF
deployment.apps/nginx-deployment created
service/nginx-service created
service/nginx-service-nodeport created

sergeevmxm@kubemaster:~$ kubectl get deployments -n development
NAME               READY   UP-TO-DATE   AVAILABLE   AGE
nginx-deployment   3/3     3            3           4m13s

sergeevmxm@kubemaster:~$ kubectl get pods -n development
NAME                                READY   STATUS    RESTARTS   AGE
nginx-deployment-6b7f675859-8mjvk   1/1     Running   0          10m
nginx-deployment-6b7f675859-b9p7b   1/1     Running   0          10m
nginx-deployment-6b7f675859-ljzvh   1/1     Running   0          10m

ergeevmxm@kubemaster:~$ kubectl get svc -n development
NAME                     TYPE        CLUSTER-IP      EXTERNAL-IP   PORT(S)        AGE
nginx-service            ClusterIP   10.97.162.230   <none>        80/TCP         11m
nginx-service-nodeport   NodePort    10.97.214.115   <none>        80:30080/TCP   11m

sergeevmxm@kubemaster:~$ kubectl describe deployments nginx-deployment -n development
Name:                   nginx-deployment
Namespace:              development
CreationTimestamp:      Sun, 05 Feb 2023 20:44:15 +0000
Labels:                 <none>
Annotations:            deployment.kubernetes.io/revision: 1
Selector:               app=nginx
Replicas:               3 desired | 3 updated | 3 total | 3 available | 0 unavailable
StrategyType:           RollingUpdate
MinReadySeconds:        0
RollingUpdateStrategy:  25% max unavailable, 25% max surge
Pod Template:
  Labels:  app=nginx
  Containers:
   nginx:
    Image:        nginx:latest
    Port:         80/TCP
    Host Port:    0/TCP
    Environment:  <none>
    Mounts:       <none>
  Volumes:        <none>
Conditions:
  Type           Status  Reason
  ----           ------  ------
  Available      True    MinimumReplicasAvailable
  Progressing    True    NewReplicaSetAvailable
OldReplicaSets:  <none>
NewReplicaSet:   nginx-deployment-6b7f675859 (3/3 replicas created)
Events:
  Type    Reason             Age   From                   Message
  ----    ------             ----  ----                   -------
  Normal  ScalingReplicaSet  22m   deployment-controller  Scaled up replica set nginx-deployment-6b7f675859 to 3

sergeevmxm@kubemaster:~$ kubectl describe pods -n development
Name:             nginx-deployment-6b7f675859-8mjvk
Namespace:        development
Priority:         0
Service Account:  default
Node:             kubenode/10.132.0.3
Start Time:       Sun, 05 Feb 2023 20:44:15 +0000
Labels:           app=nginx
                  pod-template-hash=6b7f675859
Annotations:      cni.projectcalico.org/containerID: 3459c8572f39ad44fb373a8451250c4c12e2d66eb4cfe145a943fab53e3bf22e
                  cni.projectcalico.org/podIP: 192.168.188.205/32
                  cni.projectcalico.org/podIPs: 192.168.188.205/32
Status:           Running
IP:               192.168.188.205
IPs:
  IP:           192.168.188.205
Controlled By:  ReplicaSet/nginx-deployment-6b7f675859
Containers:
  nginx:
    Container ID:   containerd://6627dd56cd1695e0933890fb115d32e76b738c17f17cc588965193bca9829caf
    Image:          nginx:latest
    Image ID:       docker.io/library/nginx@sha256:c54fb26749e49dc2df77c6155e8b5f0f78b781b7f0eadd96ecfabdcdfa5b1ec4
    Port:           80/TCP
    Host Port:      0/TCP
    State:          Running
      Started:      Sun, 05 Feb 2023 20:44:22 +0000
    Ready:          True
    Restart Count:  0
    Environment:    <none>
    Mounts:
      /var/run/secrets/kubernetes.io/serviceaccount from kube-api-access-dftv8 (ro)
Conditions:
  Type              Status
  Initialized       True 
  Ready             True 
  ContainersReady   True 
  PodScheduled      True 
Volumes:
  kube-api-access-dftv8:
    Type:                    Projected (a volume that contains injected data from multiple sources)
    TokenExpirationSeconds:  3607
    ConfigMapName:           kube-root-ca.crt
    ConfigMapOptional:       <nil>
    DownwardAPI:             true
QoS Class:                   BestEffort
Node-Selectors:              <none>
Tolerations:                 node.kubernetes.io/not-ready:NoExecute op=Exists for 300s
                             node.kubernetes.io/unreachable:NoExecute op=Exists for 300s
Events:
  Type    Reason     Age   From               Message
  ----    ------     ----  ----               -------
  Normal  Scheduled  23m   default-scheduler  Successfully assigned development/nginx-deployment-6b7f675859-8mjvk to kubenode
  Normal  Pulling    23m   kubelet            Pulling image "nginx:latest"
  Normal  Pulled     23m   kubelet            Successfully pulled image "nginx:latest" in 661.35254ms (6.389922911s including waiting)
  Normal  Created    23m   kubelet            Created container nginx
  Normal  Started    23m   kubelet            Started container nginx


Name:             nginx-deployment-6b7f675859-b9p7b
Namespace:        development
Priority:         0
Service Account:  default
Node:             kubenode/10.132.0.3
Start Time:       Sun, 05 Feb 2023 20:44:15 +0000
Labels:           app=nginx
                  pod-template-hash=6b7f675859
Annotations:      cni.projectcalico.org/containerID: 8a9fbadcb9faa3afedaebf4eb957bd277308ac242e693d54c1e2ff1ba589347b
                  cni.projectcalico.org/podIP: 192.168.188.204/32
                  cni.projectcalico.org/podIPs: 192.168.188.204/32
Status:           Running
IP:               192.168.188.204
IPs:
  IP:           192.168.188.204
Controlled By:  ReplicaSet/nginx-deployment-6b7f675859
Containers:
  nginx:
    Container ID:   containerd://f61160334258b154b1b872c4c0d503bd9c352aeff15fd2d45ee08e5706357de7
    Image:          nginx:latest
    Image ID:       docker.io/library/nginx@sha256:c54fb26749e49dc2df77c6155e8b5f0f78b781b7f0eadd96ecfabdcdfa5b1ec4
    Port:           80/TCP
    Host Port:      0/TCP
    State:          Running
      Started:      Sun, 05 Feb 2023 20:44:21 +0000
    Ready:          True
    Restart Count:  0
    Environment:    <none>
    Mounts:
      /var/run/secrets/kubernetes.io/serviceaccount from kube-api-access-hwd96 (ro)
Conditions:
  Type              Status
  Initialized       True 
  Ready             True 
  ContainersReady   True 
  PodScheduled      True 
Volumes:
  kube-api-access-hwd96:
    Type:                    Projected (a volume that contains injected data from multiple sources)
    TokenExpirationSeconds:  3607
    ConfigMapName:           kube-root-ca.crt
    ConfigMapOptional:       <nil>
    DownwardAPI:             true
QoS Class:                   BestEffort
Node-Selectors:              <none>
Tolerations:                 node.kubernetes.io/not-ready:NoExecute op=Exists for 300s
                             node.kubernetes.io/unreachable:NoExecute op=Exists for 300s
Events:
  Type    Reason     Age   From               Message
  ----    ------     ----  ----               -------
  Normal  Scheduled  23m   default-scheduler  Successfully assigned development/nginx-deployment-6b7f675859-b9p7b to kubenode
  Normal  Pulling    23m   kubelet            Pulling image "nginx:latest"
  Normal  Pulled     23m   kubelet            Successfully pulled image "nginx:latest" in 5.121231965s (5.121343139s including waiting)
  Normal  Created    23m   kubelet            Created container nginx
  Normal  Started    23m   kubelet            Started container nginx


Name:             nginx-deployment-6b7f675859-ljzvh
Namespace:        development
Priority:         0
Service Account:  default
Node:             kubenode/10.132.0.3
Start Time:       Sun, 05 Feb 2023 20:44:15 +0000
Labels:           app=nginx
                  pod-template-hash=6b7f675859
Annotations:      cni.projectcalico.org/containerID: 3a49fe95a24cf301b177f073276394cc45f218eda2d1fc0f0ef2431c73ab527a
                  cni.projectcalico.org/podIP: 192.168.188.203/32
                  cni.projectcalico.org/podIPs: 192.168.188.203/32
Status:           Running
IP:               192.168.188.203
IPs:
  IP:           192.168.188.203
Controlled By:  ReplicaSet/nginx-deployment-6b7f675859
Containers:
  nginx:
    Container ID:   containerd://91b45749d1ec6e2f60b4911b3dbb956547287900d5deeef08aebe048488e882f
    Image:          nginx:latest
    Image ID:       docker.io/library/nginx@sha256:c54fb26749e49dc2df77c6155e8b5f0f78b781b7f0eadd96ecfabdcdfa5b1ec4
    Port:           80/TCP
    Host Port:      0/TCP
    State:          Running
      Started:      Sun, 05 Feb 2023 20:44:21 +0000
    Ready:          True
    Restart Count:  0
    Environment:    <none>
    Mounts:
      /var/run/secrets/kubernetes.io/serviceaccount from kube-api-access-vld6n (ro)
Conditions:
  Type              Status
  Initialized       True 
  Ready             True 
  ContainersReady   True 
  PodScheduled      True 
Volumes:
  kube-api-access-vld6n:
    Type:                    Projected (a volume that contains injected data from multiple sources)
    TokenExpirationSeconds:  3607
    ConfigMapName:           kube-root-ca.crt
    ConfigMapOptional:       <nil>
    DownwardAPI:             true
QoS Class:                   BestEffort
Node-Selectors:              <none>
Tolerations:                 node.kubernetes.io/not-ready:NoExecute op=Exists for 300s
                             node.kubernetes.io/unreachable:NoExecute op=Exists for 300s
Events:
  Type    Reason     Age   From               Message
  ----    ------     ----  ----               -------
  Normal  Scheduled  23m   default-scheduler  Successfully assigned development/nginx-deployment-6b7f675859-ljzvh to kubenode
  Normal  Pulling    23m   kubelet            Pulling image "nginx:latest"
  Normal  Pulled     23m   kubelet            Successfully pulled image "nginx:latest" in 661.132506ms (5.781995111s including waiting)
  Normal  Created    23m   kubelet            Created container nginx
  Normal  Started    23m   kubelet            Started container nginx

  sergeevmxm@kubemaster:~$ kubectl describe services -n development
Name:              nginx-service
Namespace:         development
Labels:            <none>
Annotations:       <none>
Selector:          app=nginx
Type:              ClusterIP
IP Family Policy:  SingleStack
IP Families:       IPv4
IP:                10.97.162.230
IPs:               10.97.162.230
Port:              http  80/TCP
TargetPort:        80/TCP
Endpoints:         192.168.188.203:80,192.168.188.204:80,192.168.188.205:80
Session Affinity:  None
Events:            <none>


Name:                     nginx-service-nodeport
Namespace:                development
Labels:                   <none>
Annotations:              <none>
Selector:                 app=nginx
Type:                     NodePort
IP Family Policy:         SingleStack
IP Families:              IPv4
IP:                       10.97.214.115
IPs:                      10.97.214.115
Port:                     http  80/TCP
TargetPort:               80/TCP
NodePort:                 http  30080/TCP
Endpoints:                192.168.188.203:80,192.168.188.204:80,192.168.188.205:80
Session Affinity:         None
External Traffic Policy:  Cluster
Events:                   <none>

sergeevmxm@kubemaster:~$ kubectl logs nginx-deployment-6b7f675859-8mjvk -n development
/docker-entrypoint.sh: /docker-entrypoint.d/ is not empty, will attempt to perform configuration
/docker-entrypoint.sh: Looking for shell scripts in /docker-entrypoint.d/
/docker-entrypoint.sh: Launching /docker-entrypoint.d/10-listen-on-ipv6-by-default.sh
10-listen-on-ipv6-by-default.sh: info: Getting the checksum of /etc/nginx/conf.d/default.conf
10-listen-on-ipv6-by-default.sh: info: Enabled listen on IPv6 in /etc/nginx/conf.d/default.conf
/docker-entrypoint.sh: Launching /docker-entrypoint.d/20-envsubst-on-templates.sh
/docker-entrypoint.sh: Launching /docker-entrypoint.d/30-tune-worker-processes.sh
/docker-entrypoint.sh: Configuration complete; ready for start up
2023/02/05 20:44:22 [notice] 1#1: using the "epoll" event method
2023/02/05 20:44:22 [notice] 1#1: nginx/1.23.3
2023/02/05 20:44:22 [notice] 1#1: built by gcc 10.2.1 20210110 (Debian 10.2.1-6) 
2023/02/05 20:44:22 [notice] 1#1: OS: Linux 5.15.0-1027-gcp
2023/02/05 20:44:22 [notice] 1#1: getrlimit(RLIMIT_NOFILE): 1048576:1048576
2023/02/05 20:44:22 [notice] 1#1: start worker processes
2023/02/05 20:44:22 [notice] 1#1: start worker process 29
2023/02/05 20:44:22 [notice] 1#1: start worker process 30
2023/02/05 20:44:22 [notice] 1#1: start worker process 31
2023/02/05 20:44:22 [notice] 1#1: start worker process 32
2023/02/05 20:44:22 [notice] 1#1: start worker process 33
2023/02/05 20:44:22 [notice] 1#1: start worker process 34

sergeevmxm@kubemaster:~$ cat <<EOF | kubectl apply -f -
> apiVersion: batch/v1
> kind: Job
> metadata:
>   name: internal-port-job
>   namespace: development
> spec:
>   template:
>     spec:
>       containers:
>         - name: curl
>           image: curlimages/curl
>           command: ["sh", "-c", "curl http://nginx-service"]
>       restartPolicy: Never
>   backoffLimit: 4
> EOF
job.batch/internal-port-job created

sergeevmxm@kubemaster:~$ cat <<EOF | kubectl apply -f -
> apiVersion: batch/v1
> kind: Job
> metadata:
>   name: external-port-job
>   namespace: development
> spec:
>   template:
>     spec:
>       containers:
>         - name: curl
>           image: curlimages/curl
>           command: ["sh", "-c", "curl http://10.132.0.3:30080"]
>       restartPolicy: Never
>   backoffLimit: 4
> EOF
job.batch/external-port-job created

sergeevmxm@kubemaster:~$ cat <<EOF | kubectl apply -f -
> apiVersion: batch/v1
> kind: CronJob
> metadata:
>   name: nginx-cronjob
>   namespace: development
> spec:
>   schedule: "*/3 * * * *"
>   jobTemplate:
>     spec:
>       template:
>         spec:
>           containers:
>             - name: curl
>               image: curlimages/curl
>               command: ["sh", "-c", "curl http://nginx-service"]
>           restartPolicy: OnFailure
>   successfulJobsHistoryLimit: 3
>   failedJobsHistoryLimit: 1
> EOF
cronjob.batch/nginx-cronjob created

sergeevmxm@kubemaster:~$ kubectl logs job/nginx-cronjob-27927435 -n development
  % Total    % Received % Xferd  Average Speed   Time    Time     Time  Current
                                 Dload  Upload   Total   Spent    Left  Speed
<!DOCTYPE html>
<html>
<head>
<title>Welcome to nginx!</title>
<style>
html { color-scheme: light dark; }
body { width: 35em; margin: 0 auto;
font-family: Tahoma, Verdana, Arial, sans-serif; }
</style>
</head>
100   615  100   615    0     0   266k      0 --:--:-- --:--:-- --:--:--  300k
<body>
<h1>Welcome to nginx!</h1>
<p>If you see this page, the nginx web server is successfully installed and
working. Further configuration is required.</p>

<p>For online documentation and support please refer to
<a href="http://nginx.org/">nginx.org</a>.<br/>
Commercial support is available at
<a href="http://nginx.com/">nginx.com</a>.</p>

<p><em>Thank you for using nginx.</em></p>
</body>
</html>